// Jest Snapshot v1, https://goo.gl/fbAQLP

exports[`snapshot test todo 1`] = `
<section
  className="Todo__Wrapper-sc-1u29sm1-0 hwKVuW"
>
  <span
    className="Todo__Description-sc-1u29sm1-1 bkfpda"
  >
    Description: 
    Hallo
  </span>
  <button
    className="sc-bdfBwQ dxYAvz"
    onClick={[Function]}
  >
    Delete
  </button>
  <button
    className="sc-bdfBwQ iZlgSj"
    onClick={[Function]}
  >
    Advance
  </button>
</section>
`;
